ExportDeprecation002.hs:7:1: warning: [-Wdeprecations (in -Wdefault)]
    In import of: ‘func1’ Deprecated: "func1 export is deprecated"
