
rn070.hs:7:1: warning: [-Wdeprecations (in -Wdefault)]
    Deprecated: "func1 export is deprecated"

